[fornet.net.br/index.html]
[backblue.gif]
[fade.gif]
[index.html]
[fornet.net.br/wp-content/plugins/wp-rocket/assets/img/youtube.png]
[fornet.net.br/wp-includes/js/jquery/jquery.mina7a0.js]
[fornet.net.br/wp-includes/js/jquery/jquery-migrate.mind617.js]
[fornet.net.br/wp-content/cache/min/1/wp-content/plugins/ele-custom-skin/assets/js/ecs_ajax_paginationeda8.js]
[fornet.net.br/wp-content/cache/min/1/wp-content/plugins/ele-custom-skin/assets/js/ecseda8.js]
[connect.facebook.net/en_US/fbevents.js]
[fornet.net.br/wp-content/cache/min/1/js/loader-scripts/13404c64-b7e2-46b0-955d-a78e0fb095d9-loader8ab2.js]
[fornet.net.br/wp-content/uploads/2022/12/cropped-fornet-logo-png-32x32.png]
[fornet.net.br/wp-content/uploads/2022/12/cropped-fornet-logo-png-192x192.png]
[fornet.net.br/wp-content/uploads/2022/12/cropped-fornet-logo-png-180x180.png]
[fornet.net.br/wp-content/plugins/smart-slider-3/Public/SmartSlider3/Application/Frontend/Assets/dist/n2.minff98.js]
[fornet.net.br/wp-content/plugins/smart-slider-3/Public/SmartSlider3/Application/Frontend/Assets/dist/smartslider-frontend.minff98.js]
[fornet.net.br/wp-content/plugins/smart-slider-3/Public/SmartSlider3/Slider/SliderType/Simple/Assets/dist/ss-simple.minff98.js]
[fornet.net.br/wp-content/plugins/smart-slider-3/Public/SmartSlider3/Widget/Bullet/Assets/dist/w-bullet.minff98.js]
[fornet.net.br/wp-content/uploads/2022/10/Fornet-logo-slogan.png]
[fornet.net.br/wp-content/uploads/2022/10/banner-home2.png]
[fornet.net.br/planos-para-sua-empresa/index.html]
[fornet.net.br/plano-para-voce/index.html]
[fornet.net.br/a-fornet/index.html]
[fornet.net.br/wp-content/uploads/2022/10/ilust.29.delayed]
[fornet.net.br/cidades/index.html]
[fornet.net.br/contato/index.html]
[fornet.net.br/wp-content/uploads/2022/10/ico-fib.png]
[fornet.net.br/wp-content/uploads/2022/10/ico-wifi.png]
[fornet.net.br/wp-content/uploads/2022/10/ico-download.png]
[fornet.net.br/wp-content/uploads/2022/10/ico-upload.png]
[fornet.net.br/wp-content/uploads/2023/04/google-score-4_4-fornet.png]
[fornet.net.br/wp-content/uploads/2022/10/ilust-fornet.jpg]
[fornet.net.br/assinatura/index.html]
[fornet.net.br/wp-content/uploads/2022/10/fachada-fornet.jpg]
[fornet.net.br/contratocomodato2021.pdf]
[fornet.net.br/contratoscm2021.pdf]
[fornet.net.br/wp-content/plugins/elementor-pro/assets/lib/smartmenus/jquery.smartmenus.minf269.js]
[fornet.net.br/wp-includes/js/imagesloaded.mineda1.js]
[fornet.net.br/wp-includes/js/masonry.min3a05.js]
[fornet.net.br/wp-includes/js/jquery/jquery.masonry.minef70.js]
[fornet.net.br/wp-content/plugins/dynamic-content-for-elementor/assets/lib/wow/wow.min30ad.js]
[fornet.net.br/wp-content/plugins/dynamic-content-for-elementor/assets/js/acf-repeater.min30ad.js]
[fornet.net.br/wp-content/plugins/dynamic-content-for-elementor/assets/lib/datatables/datatables.min30ad.js]
[fornet.net.br/wp-content/plugins/elementor-pro/assets/js/webpack-pro.runtime.mina560.js]
[fornet.net.br/wp-content/plugins/elementor/assets/js/webpack.runtime.min12f9.js]
[fornet.net.br/wp-content/plugins/elementor/assets/js/frontend-modules.min12f9.js]
[fornet.net.br/wp-includes/js/dist/vendor/regenerator-runtime.min3937.js]
[fornet.net.br/wp-includes/js/dist/vendor/wp-polyfill.min2c7c.js]
[fornet.net.br/wp-includes/js/dist/hooks.min6c65.js]
[fornet.net.br/wp-includes/js/dist/i18n.mine57b.js]
[fornet.net.br/wp-content/plugins/elementor-pro/assets/js/frontend.mina560.js]
[fornet.net.br/wp-content/plugins/elementor/assets/lib/waypoints/waypoints.min05da.js]
[fornet.net.br/wp-includes/js/jquery/ui/core.min3f14.js]
[fornet.net.br/wp-content/plugins/elementor/assets/js/frontend.min12f9.js]
[fornet.net.br/wp-content/plugins/elementor-pro/assets/js/elements-handlers.mina560.js]
[fornet.net.br/wp-content/plugins/dynamic-content-for-elementor/assets/js/settings.min30ad.js]
[fornet.net.br/wp-content/plugins/dynamic-content-for-elementor/assets/js/fix-background-loop.min30ad.js]
[fornet.net.br/wp-content/plugins/wp-rocket/assets/js/lazyload/17.5/lazyload.min.js]
[fornet.net.br/index.html]
[fornet.net.br/t.html]
[fornet.net.br/wp-includes/css/dist/block-library/style.min6a4d.css]
[fornet.net.br/wp-includes/css/classic-themes.min68b3.css]
[fornet.net.br/wp-content/plugins/elementor/assets/lib/eicons/fonts/eicons1ecc.eot]
[fornet.net.br/wp-content/plugins/elementor/assets/lib/eicons/fonts/eicons1ecc.woff2]
[fornet.net.br/wp-content/plugins/elementor/assets/lib/eicons/fonts/eicons1ecc.woff]
[fornet.net.br/wp-content/plugins/elementor/assets/lib/eicons/fonts/eicons1ecc.ttf]
[fornet.net.br/wp-content/cache/min/1/wp-content/plugins/elementor/assets/lib/eicons/css/elementor-icons.mineda8.css]
[fornet.net.br/wp-content/plugins/elementor/assets/css/frontend-lite.min12f9.css]
[fornet.net.br/wp-content/uploads/elementor/css/post-46691.css]
[fornet.net.br/wp-content/plugins/dynamic-content-for-elementor/assets/css/style.min30ad.css]
[fornet.net.br/wp-includes/fonts/dashicons7d4b.eot]
[fornet.net.br/wp-content/cache/min/1/wp-includes/css/dashicons.mineda8.css]
[fornet.net.br/wp-content/plugins/elementor-pro/assets/css/frontend-lite.mina560.css]
[fornet.net.br/wp-content/uploads/elementor/css/global9364.css]
[fornet.net.br/wp-content/uploads/2022/10/banner-pq-fornet.jpg]
[fornet.net.br/wp-content/uploads/elementor/css/post-104979.css]
[fornet.net.br/wp-content/uploads/elementor/css/post-1479364.css]
[fornet.net.br/wp-content/uploads/elementor/css/post-1516614.css]
[fornet.net.br/wp-content/cache/min/1/wp-content/plugins/ele-custom-skin/assets/css/ecs-styleeda8.css]
[fornet.net.br/wp-content/uploads/elementor/css/post-260c23d.css]
[fornet.net.br/wp-content/uploads/elementor/css/post-509b39f.css]
[fornet.net.br/wp-content/plugins/elementor/assets/lib/font-awesome/css/fontawesome.min52d5.css]
[fornet.net.br/wp-content/plugins/elementor/assets/lib/font-awesome/webfonts/fa-brands-400.eot]
[fornet.net.br/wp-content/plugins/elementor/assets/lib/font-awesome/webfonts/fa-brands-400d41d.eot]
[fornet.net.br/wp-content/plugins/elementor/assets/lib/font-awesome/webfonts/fa-brands-400.woff2]
[fornet.net.br/wp-content/plugins/elementor/assets/lib/font-awesome/webfonts/fa-brands-400.woff]
[fornet.net.br/wp-content/plugins/elementor/assets/lib/font-awesome/webfonts/fa-brands-400.ttf]
[fornet.net.br/wp-content/cache/min/1/wp-content/plugins/elementor/assets/lib/font-awesome/css/brands.mineda8.css]
[fornet.net.br/wp-content/plugins/elementor/assets/lib/font-awesome/webfonts/fa-solid-900.eot]
[fornet.net.br/wp-content/plugins/elementor/assets/lib/font-awesome/webfonts/fa-solid-900d41d.eot]
[fornet.net.br/wp-content/plugins/elementor/assets/lib/font-awesome/webfonts/fa-solid-900.woff2]
[fornet.net.br/wp-content/plugins/elementor/assets/lib/font-awesome/webfonts/fa-solid-900.woff]
[fornet.net.br/wp-content/plugins/elementor/assets/lib/font-awesome/webfonts/fa-solid-900.ttf]
[fornet.net.br/wp-content/cache/min/1/wp-content/plugins/elementor/assets/lib/font-awesome/css/solid.mineda8.css]
[fornet.net.br/wp-content/plugins/elementor/assets/lib/font-awesome/webfonts/fa-regular-400.eot]
[fornet.net.br/wp-content/plugins/elementor/assets/lib/font-awesome/webfonts/fa-regular-400d41d.eot]
[fornet.net.br/wp-content/plugins/elementor/assets/lib/font-awesome/webfonts/fa-regular-400.woff2]
[fornet.net.br/wp-content/plugins/elementor/assets/lib/font-awesome/webfonts/fa-regular-400.woff]
[fornet.net.br/wp-content/plugins/elementor/assets/lib/font-awesome/webfonts/fa-regular-400.ttf]
[fornet.net.br/wp-content/cache/min/1/wp-content/plugins/elementor/assets/lib/font-awesome/css/regular.mineda8.css]
[fornet.net.br/wp-content/plugins/smart-slider-3/Public/SmartSlider3/Application/Frontend/Assets/dist/smartslider.minff98.css]
[connect.facebook.net/en_US/fbevents.js]
[fornet.net.br/app/index.html]
[fornet.net.br/wp-content/uploads/2022/10/gplay120.svg]
[fornet.net.br/wp-content/plugins/elementor/assets/css/widget-icon-list.min.css]
[fornet.net.br/wp-content/plugins/elementor-pro/assets/css/widget-nav-menu.min.css]
[fornet.net.br/plano-para-voce/index.html]
[fornet.net.br/wp-content/uploads/2022/10/ico-checked2.png]
[fornet.net.br/planos-para-sua-empresa/index.html]
[fornet.net.br/a-fornet/index.html]
[fornet.net.br/wp-content/uploads/2022/10/fornet-paranavai-regiao.jpg]
[fornet.net.br/cidades/index.html]
[www.google.com/recaptcha/api802e.js]
[fornet.net.br/contato/index.html]
[fornet.net.br/wp-content/plugins/elementor-pro/assets/css/widget-posts.min.css]
[fornet.net.br/assinatura/index.html]
[fornet.net.br/wp-content/uploads/2022/10/ico-depo.svg]
[fornet.net.br/wp-content/uploads/2022/10/ico-map.svg]
[fornet.net.br/wp-content/uploads/2022/10/ico-fone.svg]
[fornet.net.br/wp-content/uploads/2022/10/ico-cel.svg]
[fornet.net.br/wp-content/uploads/2022/10/logo-fonet.svg]
[fornet.net.br/wp-content/plugins/elementor/assets/css/widget-icon-box.min.css]
[fornet.net.br/wp-content/plugins/dynamic-content-for-elementor/assets/css/dynamic-visibility.min30ad.css]
[fornet.net.br/wp-content/plugins/dynamic-content-for-elementor/assets/css/acf-repeater.min30ad.css]
[fornet.net.br/wp-content/plugins/dynamic-content-for-elementor/assets/lib/datatables/DataTables-1.10.23/images/sort_both.png]
[fornet.net.br/wp-content/plugins/dynamic-content-for-elementor/assets/lib/datatables/DataTables-1.10.23/images/sort_asc.png]
[fornet.net.br/wp-content/plugins/dynamic-content-for-elementor/assets/lib/datatables/DataTables-1.10.23/images/sort_desc.png]
[fornet.net.br/wp-content/plugins/dynamic-content-for-elementor/assets/lib/datatables/DataTables-1.10.23/images/sort_asc_disabled.png]
[fornet.net.br/wp-content/plugins/dynamic-content-for-elementor/assets/lib/datatables/DataTables-1.10.23/images/sort_desc_disabled.png]
[fornet.net.br/wp-content/plugins/dynamic-content-for-elementor/assets/lib/datatables/datatables.min30ad.css]
[fornet.net.br/wp-content/plugins/elementor/assets/lib/eicons/fonts/eicons1ecc.svg]
[fornet.net.br/wp-content/plugins/elementor/assets/lib/font-awesome/webfonts/fa-brands-400.svg]
[fornet.net.br/wp-content/plugins/elementor/assets/lib/font-awesome/webfonts/fa-solid-900.svg]
[fornet.net.br/wp-content/plugins/elementor/assets/lib/font-awesome/webfonts/fa-regular-400.svg]
[fornet.net.br/POST.html]
[fornet.net.br/schema.org/index.html]
[fornet.net.br/b.html]
[fornet.net.br/signals/iwl.html]
[fornet.net.br/plano-para-voce/t.html]
[fornet.net.br/wp-content/uploads/elementor/css/post-39472cd.css]
[fornet.net.br/index51fe.html]
[fornet.net.br/plano-para-voce/_data_image/svg+xml,_svg xmlns='http_/www.w3.org/2000/svg' preserveAspectRatio='none' overflow='visible' height='100%' viewBox='0 0 20 16' fill='none' stroke=']
[fornet.net.br/planos-para-sua-empresa/t.html]
[fornet.net.br/wp-content/uploads/elementor/css/post-4046220.css]
[fornet.net.br/indexd8bc.html]
[fornet.net.br/planos-para-sua-empresa/_data_image/svg+xml,_svg xmlns='http_/www.w3.org/2000/svg' preserveAspectRatio='none' overflow='visible' height='100%' viewBox='0 0 20 16' fill='none']
[fornet.net.br/a-fornet/t.html]
[fornet.net.br/wp-content/uploads/elementor/css/post-3010cc.css]
[fornet.net.br/index5643.html]
[fornet.net.br/cidades/t.html]
[fornet.net.br/wp-content/uploads/elementor/css/post-343f1e.css]
[fornet.net.br/index1e7e.html]
[fornet.net.br/contato/t.html]
[fornet.net.br/wp-content/uploads/elementor/css/post-3651e5.css]
[fornet.net.br/index0d0b.html]
[fornet.net.br/contato/_data_image/svg+xml,_svg xmlns='http_/www.w3.org/2000/svg' preserveAspectRatio='none' overflow='visible' height='100%' viewBox='0 0 20 16' fill='none' stroke='black' s]
[fornet.net.br/assinatura/t.html]
[fornet.net.br/wp-content/uploads/elementor/css/post-418691d.css]
[fornet.net.br/index1263.html]
[fornet.net.br/assinatura/_data_image/svg+xml,_svg xmlns='http_/www.w3.org/2000/svg' preserveAspectRatio='none' overflow='visible' height='100%' viewBox='0 0 20 16' fill='none' stroke='black]
[fornet.net.br/plano-para-voce/_data_image/svg+xml,_svg xmlns=http_/www.w3.org/2000/svg preserveAspectRatio=none overflow=visible height=100% viewBox=0 0 20 16 fill=none stroke=black stroke-]
[fornet.net.br/planos-para-sua-empresa/_data_image/svg+xml,_svg xmlns=http_/www.w3.org/2000/svg preserveAspectRatio=none overflow=visible height=100% viewBox=0 0 20 16 fill=none stroke=black]
[fornet.net.br/contato/_data_image/svg+xml,_svg xmlns=http_/www.w3.org/2000/svg preserveAspectRatio=none overflow=visible height=100% viewBox=0 0 20 16 fill=none stroke=black stroke-width=1]
[fornet.net.br/assinatura/_data_image/svg+xml,_svg xmlns=http_/www.w3.org/2000/svg preserveAspectRatio=none overflow=visible height=100% viewBox=0 0 20 16 fill=none stroke=black stroke-width]
